node.exe : [33mThe 
CJS build of Vite's 
Node API is 
deprecated. See https
://vite.dev/guide/tro
ubleshooting.html#vit
e-cjs-node-api-deprec
ated for more 
details.[39m
En C:\Users\flore\App
Data\Roaming\npm\pnpm
.ps1: 24 Carácter: 5
+     & "node$exe"  "
$basedir/node_modules
/pnpm/bin/pnpm.cjs" 
$args
+     ~~~~~~~~~~~~~~~
~~~~~~~~~~~~~~~~~~~~~
~~~~~~~~~~~~~~~~~~~~~
~~~~
    + CategoryInfo   
           : NotSpe  
  cified: ([33mTh   
 e CJS bu...e det    
ails.[39m:Strin    
g) [], RemoteExc    
eption
    + FullyQualified 
   ErrorId : Native  
  CommandError
 
[33m[7m[33m 
Vitest [33m[27m 
"deps.inline" is 
deprecated. If you 
rely on vite-node 
directly, use 
"server.deps.inline" 
instead. Otherwise, 
consider using "deps.
optimizer.ssr.include
"[39m

[1m[7m[36m RUN [39m[27m[22m [36mv2.1.9 [39m[90mD:/Repos/CruxAnalytics[39m

 [31mÔØ»[39m tests/sme-calculators.test.ts [2m([22m[2m19 tests[22m[2m | [22m[31m1 failed[39m[2m)[22m[90m 26[2mms[22m[39m
[31m   [31m├ù[31m BreakEvenCalculator[2m > [22mshould calculate break-even units correctly[90m 12[2mms[22m[31m[39m
[31m     ÔåÆ expected 83333.33 to be 83325 // Object.is equality[39m

[31mÔÄ»ÔÄ»ÔÄ»ÔÄ»ÔÄ»Ô
Ä»ÔÄ»[1m[7m Failed 
Tests 1 [27m[22mÔÄ»
ÔÄ»ÔÄ»ÔÄ»ÔÄ»ÔÄ»ÔÄ»[3
9m

[31m[1m[7m FAIL 
[27m[22m[39m tests
/sme-calculators.test
.ts[2m > [22mBreakE
venCalculator[2m > 
[22mshould 
calculate break-even 
units correctly
[31m[1mAssertionErr
or[22m: expected 
83333.33 to be 83325 
// Object.is 
equality[39m

[32m- Expected[39m
[31m+ Received[39m

[32m- 83325[39m
[31m+ 83333.33[39m

[36m [2mÔØ»[22m te
sts/sme-calculators.t
est.ts:[2m26:41[22m
[39m
    [90m 24| [39m  
      [90m// 
Break-even = 50000 / 
(25 - 10) = 
3333.33[39m
    [90m 25| [39m  
      [34mexpect[39
m(result[33m.[39mbr
eakEvenUnits)[33m.[
39m[34mtoBe[39m([3
4m3333[39m)[33m;[3
9m
    [90m 26| [39m  
      [34mexpect[39
m(result[33m.[39mbr
eakEvenRevenue)[33m.
[39m[34mtoBe[39m(
[34m83325[39m)[33m;
[39m
    [90m   | [39m  
                     
                 
[31m^[39m
    [90m 27| [39m  
      [34mexpect[39
m(result[33m.[39mco
ntributionMarginPerUn
it)[33m.[39m[34mto
Be[39m([34m15[39m)
[33m;[39m
    [90m 28| [39m  
  })[33m;[39m

[31m[2mÔÄ»ÔÄ»ÔÄ»ÔÄ»
ÔÄ»ÔÄ»ÔÄ»ÔÄ»ÔÄ»ÔÄ»ÔÄ»
ÔÄ»ÔÄ»ÔÄ»ÔÄ»ÔÄ»ÔÄ»ÔÄ»
ÔÄ»ÔÄ»ÔÄ»ÔÄ»ÔÄ»ÔÄ»[1/
1]ÔÄ»[22m[39m

[2m Test Files [22m [1m[31m1 failed[39m[22m[90m (1)[39m
[2m      Tests [22m [1m[31m1 failed[39m[22m[2m | [22m[1m[32m18 passed[39m[22m[90m (19)[39m
[2m   Start at [22m 14:57:08
[2m   Duration [22m 1.13s[2m (transform 124ms, setup 30ms, collect 129ms, tests 26ms, environment 0ms, prepare 138ms)[22m

