
[1m[7m[36m RUN [39m[27m[22m [36mv2.1.9 [39m[90mD:/Repos/CruxAnalytics[39m

 [31mÔØ»[39m tests/sme-calculators.test.ts [2m([22m[2m19 tests[22m[2m | [22m[31m1 failed[39m[2m)[22m[90m 23[2mms[22m[39m
[31m   [31m├ù[31m BreakEvenCalculator[2m > [22mshould calculate break-even units correctly[90m 12[2mms[22m[31m[39m
[31m     ÔåÆ expected 83333.33 to be 83325 // Object.is equality[39m

[2m Test Files [22m [1m[31m1 failed[39m[22m[90m (1)[39m
[2m      Tests [22m [1m[31m1 failed[39m[22m[2m | [22m[1m[32m18 passed[39m[22m[90m (19)[39m
[2m   Start at [22m 14:57:31
[2m   Duration [22m 682ms[2m (transform 135ms, setup 33ms, collect 133ms, tests 23ms, environment 0ms, prepare 157ms)[22m

